// Jest Snapshot v1, https://goo.gl/fbAQLP

exports[`InsightDropdown snapshot renders 1`] = `
<div
  className="sc-jSFkmK gCofnJ"
>
  <div
    className="sc-eCApGN bHCcHc"
    data-first-dropdown-section={true}
  >
    <div>
      <h3
        className="sc-bdnylx ittFdg"
      >
        Documentation
      </h3>
      <p>
        Custom Predictive Algorithms
      </p>
      <div
        className="sc-gKAblj cDMZli"
      >
        <div>
          <h4>
            Get Started
          </h4>
          <ul
            className="sc-dlnjPT jLMKOx"
          >
            <li>
              <a
                href="#"
              >
                Statistics
              </a>
            </li>
            <li>
              <a
                href="#"
              >
                Machine Learning
              </a>
            </li>
            <li>
              <a
                href="#"
              >
                Cranial Nerve Augmentation
              </a>
            </li>
          </ul>
        </div>
        <div>
          <h4>
            Popular Imrovements
          </h4>
          <ul
            className="sc-dlnjPT jLMKOx"
          >
            <li>
              <a
                href="#"
              >
                Cortex Nerve Density
              </a>
            </li>
            <li>
              <a
                href="#"
              >
                Cortexifan Treatment
              </a>
            </li>
            <li>
              <a
                href="#"
              >
                Cellular Regeneration
              </a>
            </li>
          </ul>
        </div>
      </div>
    </div>
  </div>
  <div
    className="sc-eCApGN bHCcHc"
  >
    <ul>
      <li
        className="sc-gtssRu iRMejV"
      >
        <a
          href="#"
        >
          <div
            className="sc-hKFyIo jHqPGt"
          />
          NeoGenesis
        </a>
      </li>
      <li
        className="sc-gtssRu iRMejV"
      >
        <a
          href="#"
        >
          <div
            className="sc-hKFyIo jHqPGt"
          />
          Teleportation
        </a>
      </li>
      <li
        className="sc-gtssRu fFlTca"
      >
        <a
          href="#"
        >
          <div
            className="sc-hKFyIo jHqPGt"
          />
          New Research
        </a>
      </li>
    </ul>
  </div>
</div>
`;
