// Jest Snapshot v1, https://goo.gl/fbAQLP

exports[`Menu snapshot renders 1`] = `
<div
  style={
    Object {
      "background": "#845286",
      "color": "#fafafa",
      "display": "flex",
      "flexDirection": "column",
      "height": 0,
      "left": 0,
      "opacity": 0.95,
      "position": "absolute",
      "top": 0,
      "transition": "height 0.3s ease",
      "width": "100vw",
      "zIndex": 2,
    }
  }
/>
`;
