// Jest Snapshot v1, https://goo.gl/fbAQLP

exports[`PrecisionDropdown snapshot renders 1`] = `
<div
  className="sc-jSFkmK eRhXfF"
>
  <div
    className="sc-eCApGN bHCcHc"
    data-first-dropdown-section={true}
  >
    <ul
      className="sc-fujyUd drJnhL"
    >
      <li>
        <div>
          <div
            className="sc-gKAblj gdooSY"
            color="blue"
          />
        </div>
        <div>
          <h3
            className="sc-bdnylx ittFdg"
            color="blue"
          >
            Metrics
          </h3>
          <p>
            Time Series, Linear, Millisecond
          </p>
        </div>
      </li>
      <li>
        <div>
          <div
            className="sc-gKAblj jjmuxB"
            color="green"
          />
        </div>
        <div>
          <h3
            className="sc-bdnylx kyEuFl"
            color="green"
          >
            Predictive
          </h3>
          <p>
            Machine Learning Algorithm
          </p>
        </div>
      </li>
      <li>
        <div>
          <div
            className="sc-gKAblj gWGJRu"
            color="teal"
          />
        </div>
        <div>
          <h3
            className="sc-bdnylx cUjIoy"
            color="teal"
          >
            Cybernetics
          </h3>
          <p
            style={
              Object {
                "marginBottom": 0,
              }
            }
          >
            Flesh and Machine Combined Perfection
          </p>
        </div>
      </li>
    </ul>
  </div>
  <div
    className="sc-eCApGN bHCcHc"
  >
    <ul
      className="sc-iCoHVE iFCOJv"
    >
      <li>
        <h3
          className="sc-bdnylx dsLUOj"
        >
          Amber
        </h3>
        <div>
          Broad Spectrum Stasis Chambers
        </div>
      </li>
      <li>
        <h3
          className="sc-bdnylx dsLUOj"
        >
          Brain
        </h3>
        <div>
          Neurochemical Enhancements
        </div>
      </li>
      <li>
        <h3
          className="sc-bdnylx dsLUOj"
        >
          Shield
        </h3>
        <div>
          Protect Yourself from Temporal Threats
        </div>
      </li>
    </ul>
    <div
      className="sc-pNWxx jSIpzZ"
    >
      <h3
        className="sc-bdnylx dsLUOj"
      >
        <a
          href="#"
        >
          <div
            className="sc-hKFyIo jHqPGt"
          />
          Travel Options for Time and Space
        </a>
      </h3>
    </div>
  </div>
</div>
`;
